README.txt: OK
sw4_bridge_independent_check.py: OK
sw4_bridge_independent_run.log: OK
sw4_caterpillar_bridge_certificate.py: OK
sw4_caterpillar_bridge_run.log: OK
sw4_central_seed_capacity.csv: OK
sw4_central_seed_witnesses.csv: OK
sw4_certificate.py: OK
sw4_certificate_run.log: OK
sw4_complete_bridge_certificate.cpp: OK
sw4_complete_bridge_output.txt: OK
sw4_complete_bridge_run.log: OK
sw4_full_seed_capacity.csv: OK
sw4_generate_seed_tables.log: OK
sw4_generate_seed_tables.py: OK
sw4_infinite_tail_certificate.py: OK
sw4_infinite_tail_finite_overlap.cpp: OK
sw4_infinite_tail_finite_overlap.csv: OK
sw4_infinite_tail_finite_overlap.log: OK
sw4_infinite_tail_independent_check.py: OK
sw4_infinite_tail_independent_output.txt: OK
sw4_infinite_tail_output.txt: OK
sw4_infinite_tail_overlaps.csv: OK
sw4_infinite_tail_proof.md: OK
sw4_missing_ranges.txt: OK
sw4_missing_values.txt: OK
sw4_rooted_gadget_witnesses.md: OK
sw4_self_contained_solution.md: OK
sw4_verification_report.md: OK
