seed100_TM h=253 n=506 [272308250181,554860689583] intervals=25 max_intervals=74
seed100_TM h=254 n=508 [277087869926,566566627352] intervals=25 max_intervals=80
seed100_TM h=255 n=510 [281947767675,578454090921] intervals=27 max_intervals=82
seed100_TM h=256 n=512 [286848249002,590565880630] intervals=27 max_intervals=82
seed100_TM h=257 n=514 [291809773945,602884666823] intervals=27 max_intervals=82
seed100_TM h=258 n=516 [296832834310,615413112640] intervals=27 max_intervals=82
seed100_TM h=259 n=518 [301917923829,628153903955] intervals=27 max_intervals=85
seed100_TM h=260 n=520 [307065538160,641109749472] intervals=27 max_intervals=85
seed100_TM h=261 n=522 [312276174887,654283380821] intervals=27 max_intervals=87
seed100_TM h=262 n=524 [317572182490,667655703684] intervals=29 max_intervals=91
seed100_TM h=263 n=526 [322910623546,681272934690] intervals=29 max_intervals=91
seed100_TM h=264 n=528 [328313593346,695116282894] intervals=29 max_intervals=91
seed100_TM h=265 n=530 [333781597186,709188572582] intervals=29 max_intervals=91
seed100_TM h=266 n=532 [339315142288,723492651446] intervals=29 max_intervals=91
seed100_TM h=267 n=534 [344914737800,738031390680] intervals=29 max_intervals=91
seed100_TM h=268 n=536 [350580894796,752807685076] intervals=29 max_intervals=91
seed100_TM h=269 n=538 [356314126276,767824453120] intervals=29 max_intervals=91
seed100_TM h=270 n=540 [362138789235,783060795019] intervals=31 max_intervals=91
seed100_TM h=271 n=542 [368007990963,798567086497] intervals=31 max_intervals=95
seed100_TM h=272 n=544 [373945819831,814322748105] intervals=31 max_intervals=95
seed100_TM h=273 n=546 [379952796551,830330794057] intervals=31 max_intervals=95
seed100_TM h=274 n=548 [386029443761,846594262741] intervals=31 max_intervals=97
seed100_TM h=275 n=550 [392176286025,863116216815] intervals=31 max_intervals=101
seed100_TM h=276 n=552 [398393849833,879899743303] intervals=31 max_intervals=101
seed100_TM h=277 n=554 [404682663601,896947953691] intervals=31 max_intervals=101
seed100_TM h=278 n=556 [411043257671,914263984023] intervals=31 max_intervals=101
seed100_TM h=279 n=558 [417476164311,931850994997] intervals=31 max_intervals=101
seed100_TM h=280 n=560 [423981917715,949712172061] intervals=31 max_intervals=101
seed100_TM h=281 n=562 [430587884883,967823894629] intervals=33 max_intervals=107
seed100_TM h=282 n=564 [437241239126,986242762672] intervals=33 max_intervals=109
seed100_TM h=283 n=566 [443969056455,1004945500425] intervals=33 max_intervals=109
seed100_TM h=284 n=568 [450771878776,1023935393288] intervals=33 max_intervals=111
seed100_TM h=285 n=570 [457650249921,1043215751891] intervals=33 max_intervals=111
seed100_TM h=286 n=572 [464604715648,1062789912190] intervals=33 max_intervals=111
seed100_TM h=287 n=574 [471635823641,1082661235563] intervals=33 max_intervals=111
seed100_TM h=288 n=576 [478744123510,1102833108906] intervals=33 max_intervals=111
seed100_TM h=289 n=578 [485930166791,1123308944729] intervals=33 max_intervals=111
seed100_TM h=290 n=580 [493194506946,1144092181252] intervals=33 max_intervals=111
seed100_TM h=291 n=582 [500537699363,1165186282501] intervals=33 max_intervals=111
seed100_TM h=292 n=584 [507960301356,1186594738404] intervals=33 max_intervals=111
seed100_TM h=293 n=586 [515462872165,1208321064887] intervals=33 max_intervals=111
seed100_TM h=294 n=588 [523076675516,1230338101410] intervals=35 max_intervals=112
seed100_TM h=295 n=590 [530741194281,1252710496403] intervals=35 max_intervals=112
seed100_TM h=296 n=592 [538487373422,1275411464418] intervals=35 max_intervals=112
seed100_TM h=297 n=594 [546315779891,1298444626325] intervals=35 max_intervals=112
seed100_TM h=298 n=596 [554226982566,1321813629472] intervals=35 max_intervals=120
seed100_TM h=299 n=598 [562221552251,1345522147781] intervals=35 max_intervals=120
seed100_TM h=300 n=600 [570300061676,1369573881844] intervals=35 max_intervals=120
seed100_TM h=301 n=602 [578463085497,1393972559019] intervals=35 max_intervals=120
seed100_TM h=302 n=604 [586711200296,1418721933526] intervals=35 max_intervals=120
seed100_TM h=303 n=606 [595044984581,1443825786543] intervals=35 max_intervals=120
seed100_TM h=304 n=608 [603465018786,1469287926302] intervals=35 max_intervals=122
seed100_TM h=305 n=610 [611971885271,1495112188185] intervals=35 max_intervals=122
seed100_TM h=306 n=612 [620600746522,1521267856620] intervals=37 max_intervals=122
seed100_TM h=307 n=614 [629283384000,1547827626328] intervals=37 max_intervals=122
seed100_TM h=308 n=616 [638054614770,1574761185790] intervals=37 max_intervals=122
seed100_TM h=309 n=618 [646915028904,1602072479940] intervals=37 max_intervals=127
seed100_TM h=310 n=620 [655865218400,1629765481342] intervals=37 max_intervals=129
seed100_TM h=311 n=622 [664905777182,1657844190286] intervals=37 max_intervals=129
seed100_TM h=312 n=624 [674037301100,1686312634884] intervals=37 max_intervals=133
seed100_TM h=313 n=626 [683260387930,1715174871166] intervals=37 max_intervals=133
seed100_TM h=314 n=628 [692575637374,1744434983176] intervals=37 max_intervals=133
seed100_TM h=315 n=630 [701983651060,1774097083068] intervals=37 max_intervals=133
seed100_TM h=316 n=632 [711485032542,1804165311202] intervals=37 max_intervals=133
seed100_TM h=317 n=634 [721080387300,1834643836240] intervals=37 max_intervals=133
seed100_TM h=318 n=636 [730770322740,1865536855242] intervals=37 max_intervals=133
seed100_TM h=319 n=638 [740555448194,1896848593762] intervals=37 max_intervals=133
seed100_TM h=320 n=640 [750475903291,1928543777573] intervals=39 max_intervals=133
seed100_TM h=321 n=642 [760453628873,1960705361847] intervals=39 max_intervals=133
seed100_TM h=322 n=644 [770528386505,1993298511741] intervals=39 max_intervals=133
seed100_TM h=323 n=646 [780700793231,2026327567737] intervals=39 max_intervals=133
seed100_TM h=324 n=648 [790971468021,2059796899291] intervals=39 max_intervals=133
seed100_TM h=325 n=650 [801341031771,2093710904929] intervals=39 max_intervals=133
seed100_TM h=326 n=652 [811810107303,2128074012343] intervals=39 max_intervals=133
seed100_TM h=327 n=654 [822379319365,2162890678487] intervals=39 max_intervals=135
seed100_TM h=328 n=656 [833049294631,2198165389673] intervals=39 max_intervals=135
seed100_TM h=329 n=658 [843820661701,2233902661667] intervals=39 max_intervals=135
seed100_TM h=330 n=660 [854694051101,2270107039785] intervals=39 max_intervals=137
seed100_TM h=331 n=662 [865670095283,2306783098989] intervals=39 max_intervals=143
seed100_TM h=332 n=664 [876749428625,2343935443983] intervals=39 max_intervals=143
seed100_TM h=333 n=666 [887932687431,2381568709309] intervals=39 max_intervals=143
seed100_TM h=334 n=668 [899220509931,2419687559443] intervals=39 max_intervals=143
seed100_TM h=335 n=670 [910613536281,2458296688891] intervals=39 max_intervals=143
seed100_TM h=336 n=672 [922112408563,2497400822285] intervals=39 max_intervals=143
seed100_TM h=337 n=674 [933763964171,2536958521093] intervals=41 max_intervals=143
seed100_TM h=338 n=676 [945476888676,2577066530850] intervals=41 max_intervals=145
seed100_TM h=339 n=678 [957297599531,2617683897549] intervals=41 max_intervals=145
seed100_TM h=340 n=680 [969226746530,2658815467278] intervals=41 max_intervals=145
seed100_TM h=341 n=682 [981264981393,2700466116731] intervals=41 max_intervals=145
seed100_TM h=342 n=684 [993412957766,2742640753304] intervals=41 max_intervals=145
seed100_TM h=343 n=686 [1005671331221,2785344315191] intervals=41 max_intervals=145
seed100_TM h=344 n=688 [1018040759256,2828581771480] intervals=41 max_intervals=145
seed100_TM h=345 n=690 [1030521901295,2872358122249] intervals=41 max_intervals=145
seed100_TM h=346 n=692 [1043115418688,2916678398662] intervals=41 max_intervals=145
seed100_TM h=347 n=694 [1055821974711,2961547663065] intervals=41 max_intervals=147
seed100_TM h=348 n=696 [1068642234566,3006971009082] intervals=41 max_intervals=147
seed100_TM h=349 n=698 [1081576865381,3052953561711] intervals=41 max_intervals=147
seed100_TM h=350 n=700 [1094626536210,3099500477420] intervals=41 max_intervals=147
seed100_TM h=351 n=702 [1107791918033,3146616944243] intervals=41 max_intervals=149
seed100_TM h=352 n=704 [1121073683756,3194308181876] intervals=41 max_intervals=151
seed100_TM h=353 n=706 [1134472508211,3242579441773] intervals=41 max_intervals=157
seed100_TM h=354 n=708 [1147989068156,3291436007242] intervals=41 max_intervals=157
seed100_TM h=355 n=710 [1161624042275,3340883193541] intervals=41 max_intervals=157
seed100_TM h=356 n=712 [1175378111178,3390926347974] intervals=41 max_intervals=157
seed100_TM h=357 n=714 [1189306945851,3441515861537] intervals=43 max_intervals=157
seed100_TM h=358 n=716 [1203301732720,3492766643950] intervals=43 max_intervals=157
seed100_TM h=359 n=718 [1217417670531,3544629626873] intervals=43 max_intervals=157
seed100_TM h=360 n=720 [1231655447606,3597110286746] intervals=43 max_intervals=157
seed100_TM h=361 n=722 [1246015754193,3650214132535] intervals=43 max_intervals=157
seed100_TM h=362 n=724 [1260499282466,3703946705828] intervals=43 max_intervals=157
seed100_TM h=363 n=726 [1275106726525,3758313580931] intervals=43 max_intervals=157
seed100_TM h=364 n=728 [1289838782396,3813320364964] intervals=43 max_intervals=157
seed100_TM h=365 n=730 [1304696148031,3868972697957] intervals=43 max_intervals=157
PASS
bridge_start=272308250181
bridge_end=3868972697957
old_coverage_end=554860689583
universal_L_365=1596122112921
finite_chain=253..365
