seed51 h=63 n=126 [282204658,495014629] intervals=64625 max_intervals=157703
seed51 h=64 n=128 [302687085,538478450] intervals=62925 max_intervals=139637
seed51 h=65 n=130 [324060235,585193333] intervals=65789 max_intervals=138243
seed51 h=66 n=132 [346215511,635465903] intervals=65137 max_intervals=139867
seed65 h=67 n=134 [494227243,564426072] intervals=4101 max_intervals=7151
seed65 h=68 n=136 [521468543,618911280] intervals=3977 max_intervals=8320
seed65 h=69 n=138 [556630014,670447882] intervals=3559 max_intervals=6835
seed65 h=70 n=140 [591977215,726993779] intervals=3183 max_intervals=6313
seed65 h=71 n=142 [629116087,787173088] intervals=3377 max_intervals=5630
seed65 h=72 n=144 [673195650,846073541] intervals=3031 max_intervals=4787
seed65 h=73 n=146 [713679274,914475310] intervals=2917 max_intervals=4664
seed65 h=74 n=148 [759454432,983741350] intervals=2947 max_intervals=5597
seed65 h=75 n=150 [806518129,1058132066] intervals=2887 max_intervals=4788
seed65 h=76 n=152 [858982633,1133799678] intervals=2721 max_intervals=4415
seed65 h=77 n=154 [908019859,1219843933] intervals=2661 max_intervals=4895
seed65 h=78 n=156 [964694640,1305478930] intervals=2803 max_intervals=5153
seed65 h=79 n=158 [1023066687,1396931256] intervals=2981 max_intervals=4857
seed65 h=80 n=160 [1080868477,1496762194] intervals=2923 max_intervals=5235
seed65 h=81 n=162 [1143050415,1600322657] intervals=3185 max_intervals=6009
seed65 h=82 n=164 [1206775787,1710758331] intervals=3081 max_intervals=5839
seed65 h=83 n=166 [1274777128,1825653403] intervals=3047 max_intervals=5493
seed65 h=84 n=168 [1345537564,1946849315] intervals=3341 max_intervals=6083
seed65 h=85 n=170 [1418004618,2075731054] intervals=3307 max_intervals=6263
seed65 h=86 n=172 [1492815330,2212002128] intervals=3533 max_intervals=5965
seed65 h=87 n=174 [1573251569,2352729350] intervals=3649 max_intervals=6880
seed65 h=88 n=176 [1654533295,2503049672] intervals=3713 max_intervals=6593
seed65 h=89 n=178 [1737011993,2662976847] intervals=3609 max_intervals=7001
seed65 h=90 n=180 [1824293120,2829279078] intervals=3791 max_intervals=7504
seed65 h=91 n=182 [1914834873,3003880346] intervals=4169 max_intervals=7613
seed65 h=92 n=184 [2009112810,3186695885] intervals=4339 max_intervals=8179
seed65 h=93 n=186 [2106209106,3379043022] intervals=4339 max_intervals=8895
seed65 h=94 n=188 [2205656814,3581797012] intervals=4583 max_intervals=9897
seed65 h=95 n=190 [2310737931,3792093068] intervals=4831 max_intervals=9175
seed65 h=96 n=192 [2417480246,4014329609] intervals=4909 max_intervals=9687
seed65 h=97 n=194 [2527672781,4247152915] intervals=5189 max_intervals=10239
seed65 h=98 n=196 [2644650548,4487672466] intervals=5437 max_intervals=9671
seed65 h=99 n=198 [2762135337,4742620250] intervals=5473 max_intervals=10429
seed65 h=100 n=200 [2885872583,5006713992] intervals=5405 max_intervals=11419
seed65 h=101 n=202 [3010125596,5286163020] intervals=5875 max_intervals=10865
seed65 h=102 n=204 [3142982840,5573361082] intervals=6023 max_intervals=11105
seed65 h=103 n=206 [3277229572,5876014803] intervals=5947 max_intervals=12213
seed65 h=104 n=208 [3411806104,6195685519] intervals=6023 max_intervals=11667
seed65 h=105 n=210 [3554145982,6525451194] intervals=6445 max_intervals=11707
seed65 h=106 n=212 [3702381391,6867701111] intervals=6641 max_intervals=12563
seed65 h=107 n=214 [3853768533,7225710590] intervals=6583 max_intervals=12811
seed65 h=108 n=216 [4009209337,7599119374] intervals=7069 max_intervals=12391
seed65 h=109 n=218 [4171346821,7985836363] intervals=7483 max_intervals=13963
seed65 h=110 n=220 [4334597103,8392007699] intervals=7581 max_intervals=13829
seed65 h=111 n=222 [4504742925,8812423338] intervals=7761 max_intervals=12865
seed65 h=112 n=224 [4683856789,9245594010] intervals=8063 max_intervals=14955
seed65 h=113 n=226 [4862006605,9702045667] intervals=8237 max_intervals=14707
seed65 h=114 n=228 [5044764052,10176811218] intervals=8511 max_intervals=14551
seed65 h=115 n=230 [5234529540,10668105663] intervals=8683 max_intervals=15481
seed65 h=116 n=232 [5429363253,11178495146] intervals=8783 max_intervals=15147
seed65 h=117 n=234 [5631483781,11706398419] intervals=8839 max_intervals=15935
seed65 h=118 n=236 [5834453536,12258901522] intervals=9409 max_intervals=17055
seed65 h=119 n=238 [6045109995,12829826636] intervals=9817 max_intervals=17049
seed65 h=120 n=240 [6265875423,13417422456] intervals=10191 max_intervals=17385
seed65 h=121 n=242 [6486071892,14033049268] intervals=10177 max_intervals=18693
seed65 h=122 n=244 [6716023681,14667076645] intervals=10663 max_intervals=19217
seed65 h=123 n=246 [6950883989,15325056830] intervals=10865 max_intervals=18817
seed65 h=124 n=248 [7186840344,16011519423] intervals=10657 max_intervals=19749
seed65 h=125 n=250 [7435797206,16715288874] intervals=11439 max_intervals=20895
seed65 h=126 n=252 [7687221572,17447638974] intervals=11633 max_intervals=19911
seed65 h=127 n=254 [7944664466,18205771461] intervals=11609 max_intervals=20839
seed65 h=128 n=256 [8209851146,18988725909] intervals=12071 max_intervals=22221
seed65 h=129 n=258 [8477852832,19802208096] intervals=12219 max_intervals=20451
seed65 h=130 n=260 [8759238522,20636438284] intervals=12607 max_intervals=21857
seed65 h=131 n=262 [9043742726,21502483581] intervals=12819 max_intervals=23915
seed65 h=132 n=264 [9335067722,22397455781] intervals=13471 max_intervals=22247
seed65 h=133 n=266 [9635926209,23319468807] intervals=13521 max_intervals=23361
seed65 h=134 n=268 [9939485498,24276194616] intervals=14033 max_intervals=26013
seed65 h=135 n=270 [10250472321,25263758486] intervals=14675 max_intervals=24707
seed65 h=136 n=272 [10568677040,26283234903] intervals=14991 max_intervals=25441
seed65 h=137 n=274 [10895346864,27334254440] intervals=14567 max_intervals=27907
seed65 h=138 n=276 [11230927781,28417261921] intervals=15567 max_intervals=26487
seed65 h=139 n=278 [11576273109,29532307966] intervals=15547 max_intervals=26301
seed65 h=140 n=280 [11927950870,30683741713] intervals=15865 max_intervals=29785
seed65 h=141 n=282 [12276660741,31881793963] intervals=16563 max_intervals=27925
seed65 h=142 n=284 [12643135709,33106675621] intervals=16743 max_intervals=27807
seed65 h=143 n=286 [13018075064,34368644799] intervals=17083 max_intervals=31851
seed65 h=144 n=288 [13399487242,35670664069] intervals=16697 max_intervals=30111
seed65 h=145 n=290 [13786406697,37014683687] intervals=17175 max_intervals=28829
seed65 h=146 n=292 [14186266097,38394269493] intervals=17369 max_intervals=32351
seed65 h=147 n=294 [14593014253,39816485078] intervals=17837 max_intervals=30715
seed65 h=148 n=296 [15007335297,41281672702] intervals=18851 max_intervals=30322
seed65 h=149 n=298 [15431324730,42788777342] intervals=19305 max_intervals=33653
seed65 h=150 n=300 [15864943084,44338893126] intervals=19327 max_intervals=32235
seed65 h=151 n=302 [16312412931,45928866420] intervals=20041 max_intervals=32056
seed65 h=152 n=304 [16759481034,47574033773] intervals=20715 max_intervals=34861
seed65 h=153 n=306 [17216049012,49265591348] intervals=20907 max_intervals=34271
seed65 h=154 n=308 [17685763300,51001005058] intervals=21239 max_intervals=34220
seed65 h=155 n=310 [18163235846,52786789965] intervals=21557 max_intervals=37617
seed65 h=156 n=312 [18654792167,54617762320] intervals=21805 max_intervals=37327
seed65 h=157 n=314 [19151928335,56503582673] intervals=22397 max_intervals=36270
seed65 h=158 n=316 [19659709417,58440357529] intervals=22815 max_intervals=39135
seed65 h=159 n=318 [20169748882,60437660037] intervals=23219 max_intervals=39705
seed65 h=160 n=320 [20693856721,62484881966] intervals=23695 max_intervals=38214
seed65 h=161 n=322 [21234512498,64580760750] intervals=24229 max_intervals=40705
seed65 h=162 n=324 [21783553590,66734691344] intervals=24259 max_intervals=42777
seed65 h=163 n=326 [22352037335,68936864172] intervals=24505 max_intervals=38856
seed65 h=164 n=328 [22912308259,71216197996] intervals=25267 max_intervals=42305
seed65 h=165 n=330 [23491458569,73546879519] intervals=24987 max_intervals=43985
seed65 h=166 n=332 [24084304182,75935387452] intervals=26073 max_intervals=41121
seed65 h=167 n=334 [24687672309,78386205026] intervals=25917 max_intervals=43197
seed65 h=168 n=336 [25296942198,80905279345] intervals=26619 max_intervals=46733
seed65 h=169 n=338 [25915142578,83490924038] intervals=28065 max_intervals=42963
seed65 h=170 n=340 [26550766297,86136004717] intervals=27591 max_intervals=46119
seed65 h=171 n=342 [27201737691,88843971704] intervals=28475 max_intervals=49367
seed65 h=172 n=344 [27859934773,91624337938] intervals=29459 max_intervals=46359
seed65 h=173 n=346 [28534529828,94469338476] intervals=29059 max_intervals=48017
seed65 h=174 n=348 [29214031785,97391888217] intervals=29613 max_intervals=51531
seed65 h=175 n=350 [29909086825,100382781390] intervals=31987 max_intervals=53187
seed65 h=176 n=352 [30614087977,103449082054] intervals=33775 max_intervals=57087
seed65 h=177 n=354 [31329169337,106592129975] intervals=35551 max_intervals=63205
seed65 h=178 n=356 [32061348017,109806398773] intervals=36397 max_intervals=63769
seed65 h=179 n=358 [32806715666,113097304497] intervals=38831 max_intervals=64839
seed65 h=180 n=360 [33566061112,116465583079] intervals=39693 max_intervals=75783
seed65 h=181 n=362 [34343042971,119909117821] intervals=40309 max_intervals=75813
seed65 h=182 n=364 [35112131238,123454997900] intervals=41285 max_intervals=75911
seed65 h=183 n=366 [35917084575,127061041176] intervals=42213 max_intervals=86145
seed65 h=184 n=368 [36724756070,130761988529] intervals=42343 max_intervals=80455
seed65 h=185 n=370 [37537580882,134557016310] intervals=43397 max_intervals=79611
seed65 h=186 n=372 [38373029778,138430282900] intervals=43913 max_intervals=91595
seed65 h=187 n=374 [39228515588,142386022351] intervals=45607 max_intervals=86909
seed65 h=188 n=376 [40092195273,146437742414] intervals=45621 max_intervals=84939
seed65 h=189 n=378 [40971163268,150580031292] intervals=46093 max_intervals=97879
seed65 h=190 n=380 [41867702699,154812306519] intervals=47779 max_intervals=89595
seed65 h=191 n=382 [42766923406,159151177033] intervals=47345 max_intervals=88167
seed65 h=192 n=384 [43704955796,163562249419] intervals=48613 max_intervals=101307
seed65 h=193 n=386 [44622538254,168106540594] intervals=50579 max_intervals=93377
seed65 h=194 n=388 [45571561259,172733933787] intervals=50661 max_intervals=93039
seed65 h=195 n=390 [46549193966,177449052053] intervals=51281 max_intervals=103393
seed65 h=196 n=392 [47517232391,182291910184] intervals=53295 max_intervals=97417
seed65 h=197 n=394 [48530050586,187209963630] intervals=53009 max_intervals=97127
seed65 h=198 n=396 [49572692456,192220016778] intervals=53045 max_intervals=105819
seed65 h=199 n=398 [50552513475,197416581332] intervals=54137 max_intervals=103992
seed65 h=200 n=400 [51607620879,202663436216] intervals=53687 max_intervals=99982
seed65 h=201 n=402 [52665673433,208034827903] intervals=54809 max_intervals=109082
seed65 h=202 n=404 [53755636410,213503715532] intervals=56031 max_intervals=109808
seed65 h=203 n=406 [54863527332,219086025263] intervals=57955 max_intervals=103530
seed65 h=204 n=408 [55942014552,224831051791] intervals=58021 max_intervals=114388
seed65 h=205 n=410 [57061689809,230670185887] intervals=58959 max_intervals=116472
seed65 h=206 n=412 [58222371640,236605611082] intervals=61137 max_intervals=106580
seed100_TM h=206 n=412 [106740323728,189108214894] intervals=1 max_intervals=1
seed100_TM h=207 n=414 [109209899281,193894199427] intervals=1 max_intervals=1
seed100_TM h=208 n=416 [111718758246,198782557594] intervals=1 max_intervals=1
seed100_TM h=209 n=418 [114267297951,203774956273] intervals=1 max_intervals=1
seed100_TM h=210 n=420 [116855917650,208873080372] intervals=1 max_intervals=1
seed100_TM h=211 n=422 [119485018523,214078632925] intervals=1 max_intervals=1
seed100_TM h=212 n=424 [122155003676,219393335188] intervals=1 max_intervals=1
seed100_TM h=213 n=426 [124866278141,224818926735] intervals=1 max_intervals=1
seed100_TM h=214 n=428 [127632043076,230344371354] intervals=3 max_intervals=3
seed100_TM h=215 n=430 [130440185166,235983967742] intervals=5 max_intervals=7
seed100_TM h=216 n=432 [133291118207,241739508017] intervals=7 max_intervals=13
seed100_TM h=217 n=434 [136185257935,247612802985] intervals=9 max_intervals=15
seed100_TM h=218 n=436 [139109863176,253618841086] intervals=9 max_intervals=21
seed100_TM h=219 n=438 [142091579021,259733245315] intervals=11 max_intervals=21
seed100_TM h=220 n=440 [145104323140,265984387004] intervals=11 max_intervals=25
seed100_TM h=221 n=442 [148175299188,272347372512] intervals=13 max_intervals=25
seed100_TM h=222 n=444 [151277870146,278851169980] intervals=13 max_intervals=31
seed100_TM h=223 n=446 [154425897190,285484270558] intervals=13 max_intervals=31
seed100_TM h=224 n=448 [157633907231,292234520961] intervals=15 max_intervals=33
seed100_TM h=225 n=450 [160874320771,299131895709] intervals=15 max_intervals=37
seed100_TM h=226 n=452 [164161476737,306164472389] intervals=15 max_intervals=39
seed100_TM h=227 n=454 [167510395115,313319669117] intervals=17 max_intervals=39
seed100_TM h=228 n=456 [170892532040,320628489544] intervals=17 max_intervals=43
seed100_TM h=229 n=458 [174322715109,328078587639] intervals=17 max_intervals=43
seed100_TM h=230 n=460 [177801382160,335672029006] intervals=17 max_intervals=43
seed100_TM h=231 n=462 [181344261773,343395610479] intervals=19 max_intervals=50
seed100_TM h=232 n=464 [184921422310,351281811178] intervals=19 max_intervals=50
seed100_TM h=233 n=466 [188548393711,359317670809] intervals=19 max_intervals=50
seed100_TM h=234 n=468 [192225621526,367505335728] intervals=19 max_intervals=53
seed100_TM h=235 n=470 [195953553231,375846972721] intervals=19 max_intervals=55
seed100_TM h=236 n=472 [199748860698,384328546630] intervals=21 max_intervals=55
seed100_TM h=237 n=474 [203579762836,392984497808] intervals=21 max_intervals=57
seed100_TM h=238 n=476 [207462724696,401801043110] intervals=21 max_intervals=57
seed100_TM h=239 n=478 [211398201466,410780431994] intervals=21 max_intervals=57
seed100_TM h=240 n=480 [215386650260,419924934828] intervals=21 max_intervals=61
seed100_TM h=241 n=482 [219445723493,429219649611] intervals=23 max_intervals=65
seed100_TM h=242 n=484 [223541716281,438701054669] intervals=23 max_intervals=65
seed100_TM h=243 n=486 [227692065875,448354509317] intervals=23 max_intervals=65
seed100_TM h=244 n=488 [231897237101,458182368515] intervals=23 max_intervals=65
seed100_TM h=245 n=490 [236157696711,468187008613] intervals=23 max_intervals=67
seed100_TM h=246 n=492 [240473913383,478370827447] intervals=23 max_intervals=67
seed100_TM h=247 n=494 [244864789421,488717812735] intervals=25 max_intervals=73
seed100_TM h=248 n=496 [249294165316,499267037612] intervals=25 max_intervals=73
seed100_TM h=249 n=498 [253780717791,510002762681] intervals=25 max_intervals=73
seed100_TM h=250 n=500 [258324923236,520927472674] intervals=25 max_intervals=73
seed100_TM h=251 n=502 [262927259967,532043674289] intervals=25 max_intervals=73
seed100_TM h=252 n=504 [267588208226,543353896286] intervals=25 max_intervals=73
seed100_TM h=253 n=506 [272308250181,554860689583] intervals=25 max_intervals=74
PASS
bridge_start=282204658
bridge_end=554860689583
old_coverage_end=292031545
infinite_tail_start=275233782943
continuous_coverage=6572800..infinity (using supplied earlier certificates)
